[0.376s] Invoking command in '/Users/toni/tfm_meaconing_ws/src/collaborative_detection': CONDA_PROMPT_MODIFIER=(base) PIXI_PROMPT=(robostack:jazzy) PYTHONPATH=/Users/toni/tfm_meaconing_ws/build/collaborative_detection/prefix_override:/Users/toni/robostack/.pixi/envs/jazzy/lib/python3.12/site-packages/colcon_core/task/python/colcon_distutils_commands:/Users/toni/tfm_meaconing_ws/install/collaborative_detection/lib/python3.12/site-packages:${PYTHONPATH} SHLVL=3 _=/usr/bin/env /Users/toni/robostack/.pixi/envs/jazzy/bin/python3.12 -W ignore:setup.py install is deprecated -W ignore:easy_install command is deprecated setup.py egg_info --egg-base ../../build/collaborative_detection build --build-base /Users/toni/tfm_meaconing_ws/build/collaborative_detection/build install --record /Users/toni/tfm_meaconing_ws/build/collaborative_detection/install.log --install-scripts $base/lib/collaborative_detection --single-version-externally-managed install_data
[0.507s] running egg_info
[0.514s] writing ../../build/collaborative_detection/collaborative_detection.egg-info/PKG-INFO
[0.515s] writing dependency_links to ../../build/collaborative_detection/collaborative_detection.egg-info/dependency_links.txt
[0.515s] writing entry points to ../../build/collaborative_detection/collaborative_detection.egg-info/entry_points.txt
[0.515s] writing requirements to ../../build/collaborative_detection/collaborative_detection.egg-info/requires.txt
[0.515s] writing top-level names to ../../build/collaborative_detection/collaborative_detection.egg-info/top_level.txt
[0.532s] reading manifest file '../../build/collaborative_detection/collaborative_detection.egg-info/SOURCES.txt'
[0.533s] writing manifest file '../../build/collaborative_detection/collaborative_detection.egg-info/SOURCES.txt'
[0.533s] running build
[0.533s] running build_py
[0.533s] copying collaborative_detection/__init__.py -> /Users/toni/tfm_meaconing_ws/build/collaborative_detection/build/lib/collaborative_detection
[0.533s] copying collaborative_detection/nodes/cusum_detector_node.py -> /Users/toni/tfm_meaconing_ws/build/collaborative_detection/build/lib/collaborative_detection/nodes
[0.533s] copying collaborative_detection/nodes/uwb_sim_node.py -> /Users/toni/tfm_meaconing_ws/build/collaborative_detection/build/lib/collaborative_detection/nodes
[0.533s] copying collaborative_detection/nodes/gnss_sim_node.py -> /Users/toni/tfm_meaconing_ws/build/collaborative_detection/build/lib/collaborative_detection/nodes
[0.534s] copying collaborative_detection/nodes/__init__.py -> /Users/toni/tfm_meaconing_ws/build/collaborative_detection/build/lib/collaborative_detection/nodes
[0.534s] copying collaborative_detection/nodes/meaconing_injector.py -> /Users/toni/tfm_meaconing_ws/build/collaborative_detection/build/lib/collaborative_detection/nodes
[0.534s] copying collaborative_detection/nodes/robot_mover_node.py -> /Users/toni/tfm_meaconing_ws/build/collaborative_detection/build/lib/collaborative_detection/nodes
[0.534s] running install
[0.537s] running install_lib
[0.545s] copying /Users/toni/tfm_meaconing_ws/build/collaborative_detection/build/lib/collaborative_detection/nodes/cusum_detector_node.py -> /Users/toni/tfm_meaconing_ws/install/collaborative_detection/lib/python3.12/site-packages/collaborative_detection/nodes
[0.546s] byte-compiling /Users/toni/tfm_meaconing_ws/install/collaborative_detection/lib/python3.12/site-packages/collaborative_detection/nodes/cusum_detector_node.py to cusum_detector_node.cpython-312.pyc
[0.547s] running install_data
[0.547s] copying resource/collaborative_detection -> /Users/toni/tfm_meaconing_ws/install/collaborative_detection/share/ament_index/resource_index/packages
[0.547s] copying package.xml -> /Users/toni/tfm_meaconing_ws/install/collaborative_detection/share/collaborative_detection
[0.547s] copying launch/two_robots.launch.py -> /Users/toni/tfm_meaconing_ws/install/collaborative_detection/share/collaborative_detection/launch
[0.548s] copying launch/experiment.launch.py -> /Users/toni/tfm_meaconing_ws/install/collaborative_detection/share/collaborative_detection/launch
[0.548s] copying config/params.yaml -> /Users/toni/tfm_meaconing_ws/install/collaborative_detection/share/collaborative_detection/config
[0.548s] running install_egg_info
[0.557s] removing '/Users/toni/tfm_meaconing_ws/install/collaborative_detection/lib/python3.12/site-packages/collaborative_detection-0.1.0-py3.12.egg-info' (and everything under it)
[0.557s] Copying ../../build/collaborative_detection/collaborative_detection.egg-info to /Users/toni/tfm_meaconing_ws/install/collaborative_detection/lib/python3.12/site-packages/collaborative_detection-0.1.0-py3.12.egg-info
[0.558s] running install_scripts
[0.612s] Installing cusum_detector_node script to /Users/toni/tfm_meaconing_ws/install/collaborative_detection/lib/collaborative_detection
[0.612s] Installing gnss_sim_node script to /Users/toni/tfm_meaconing_ws/install/collaborative_detection/lib/collaborative_detection
[0.613s] Installing meaconing_injector script to /Users/toni/tfm_meaconing_ws/install/collaborative_detection/lib/collaborative_detection
[0.613s] Installing robot_mover_node script to /Users/toni/tfm_meaconing_ws/install/collaborative_detection/lib/collaborative_detection
[0.613s] Installing uwb_sim_node script to /Users/toni/tfm_meaconing_ws/install/collaborative_detection/lib/collaborative_detection
[0.613s] writing list of installed files to '/Users/toni/tfm_meaconing_ws/build/collaborative_detection/install.log'
[0.627s] Invoked command in '/Users/toni/tfm_meaconing_ws/src/collaborative_detection' returned '0': CONDA_PROMPT_MODIFIER=(base) PIXI_PROMPT=(robostack:jazzy) PYTHONPATH=/Users/toni/tfm_meaconing_ws/build/collaborative_detection/prefix_override:/Users/toni/robostack/.pixi/envs/jazzy/lib/python3.12/site-packages/colcon_core/task/python/colcon_distutils_commands:/Users/toni/tfm_meaconing_ws/install/collaborative_detection/lib/python3.12/site-packages:${PYTHONPATH} SHLVL=3 _=/usr/bin/env /Users/toni/robostack/.pixi/envs/jazzy/bin/python3.12 -W ignore:setup.py install is deprecated -W ignore:easy_install command is deprecated setup.py egg_info --egg-base ../../build/collaborative_detection build --build-base /Users/toni/tfm_meaconing_ws/build/collaborative_detection/build install --record /Users/toni/tfm_meaconing_ws/build/collaborative_detection/install.log --install-scripts $base/lib/collaborative_detection --single-version-externally-managed install_data
