[0.139s] colcon DEBUG Command line arguments: ['/Users/toni/robostack/.pixi/envs/jazzy/bin/colcon', 'build', '--symlink-install', '--packages-select', 'collaborative_detection']
[0.139s] colcon DEBUG Parsed command line arguments: Namespace(log_base=None, log_level=None, verb_name='build', build_base='build', install_base='install', merge_install=False, symlink_install=True, test_result_base=None, continue_on_error=False, executor='parallel', parallel_workers=10, event_handlers=None, ignore_user_meta=False, metas=['./colcon.meta'], base_paths=['.'], packages_ignore=None, packages_ignore_regex=None, paths=None, packages_up_to=None, packages_up_to_regex=None, packages_above=None, packages_above_and_dependencies=None, packages_above_depth=None, packages_select_by_dep=None, packages_skip_by_dep=None, packages_skip_up_to=None, packages_select_build_failed=False, packages_skip_build_finished=False, packages_select_test_failures=False, packages_skip_test_passed=False, packages_select=['collaborative_detection'], packages_skip=None, packages_select_regex=None, packages_skip_regex=None, packages_start=None, packages_end=None, cmake_args=None, cmake_target=None, cmake_target_skip_unavailable=False, cmake_clean_cache=False, cmake_clean_first=False, cmake_force_configure=False, ament_cmake_args=None, catkin_cmake_args=None, catkin_skip_building_tests=False, verb_parser=<colcon_defaults.argument_parser.defaults.DefaultArgumentsDecorator object at 0x10a933d70>, verb_extension=<colcon_core.verb.build.BuildVerb object at 0x10a933a40>, main=<bound method BuildVerb.main of <colcon_core.verb.build.BuildVerb object at 0x10a933a40>>)
[0.175s] colcon.colcon_core.package_discovery Level 1 discover_packages(colcon_meta) check parameters
[0.175s] colcon.colcon_core.package_discovery Level 1 discover_packages(recursive) check parameters
[0.175s] colcon.colcon_core.package_discovery Level 1 discover_packages(ignore) check parameters
[0.175s] colcon.colcon_core.package_discovery Level 1 discover_packages(path) check parameters
[0.175s] colcon.colcon_core.package_discovery Level 1 discover_packages(colcon_meta) discover
[0.175s] colcon.colcon_core.package_discovery Level 1 discover_packages(recursive) discover
[0.175s] colcon.colcon_core.package_discovery INFO Crawling recursively for packages in '/Users/toni/tfm_meaconing_ws'
[0.175s] colcon.colcon_core.package_identification Level 1 _identify(.) by extensions ['ignore', 'ignore_ament_install']
[0.175s] colcon.colcon_core.package_identification Level 1 _identify(.) by extension 'ignore'
[0.175s] colcon.colcon_core.package_identification Level 1 _identify(.) by extension 'ignore_ament_install'
[0.175s] colcon.colcon_core.package_identification Level 1 _identify(.) by extensions ['colcon_pkg']
[0.175s] colcon.colcon_core.package_identification Level 1 _identify(.) by extension 'colcon_pkg'
[0.175s] colcon.colcon_core.package_identification Level 1 _identify(.) by extensions ['colcon_meta']
[0.175s] colcon.colcon_core.package_identification Level 1 _identify(.) by extension 'colcon_meta'
[0.175s] colcon.colcon_core.package_identification Level 1 _identify(.) by extensions ['ros']
[0.175s] colcon.colcon_core.package_identification Level 1 _identify(.) by extension 'ros'
[0.193s] colcon.colcon_core.package_identification Level 1 _identify(.) by extensions ['cmake', 'python']
[0.193s] colcon.colcon_core.package_identification Level 1 _identify(.) by extension 'cmake'
[0.193s] colcon.colcon_core.package_identification Level 1 _identify(.) by extension 'python'
[0.193s] colcon.colcon_core.package_identification Level 1 _identify(.) by extensions ['python_setup_py']
[0.193s] colcon.colcon_core.package_identification Level 1 _identify(.) by extension 'python_setup_py'
[0.193s] colcon.colcon_core.package_identification Level 1 _identify(build) by extensions ['ignore', 'ignore_ament_install']
[0.193s] colcon.colcon_core.package_identification Level 1 _identify(build) by extension 'ignore'
[0.193s] colcon.colcon_core.package_identification Level 1 _identify(build) ignored
[0.193s] colcon.colcon_core.package_identification Level 1 _identify(install) by extensions ['ignore', 'ignore_ament_install']
[0.193s] colcon.colcon_core.package_identification Level 1 _identify(install) by extension 'ignore'
[0.193s] colcon.colcon_core.package_identification Level 1 _identify(install) ignored
[0.193s] colcon.colcon_core.package_identification Level 1 _identify(log) by extensions ['ignore', 'ignore_ament_install']
[0.193s] colcon.colcon_core.package_identification Level 1 _identify(log) by extension 'ignore'
[0.193s] colcon.colcon_core.package_identification Level 1 _identify(log) ignored
[0.193s] colcon.colcon_core.package_identification Level 1 _identify(src) by extensions ['ignore', 'ignore_ament_install']
[0.193s] colcon.colcon_core.package_identification Level 1 _identify(src) by extension 'ignore'
[0.193s] colcon.colcon_core.package_identification Level 1 _identify(src) by extension 'ignore_ament_install'
[0.193s] colcon.colcon_core.package_identification Level 1 _identify(src) by extensions ['colcon_pkg']
[0.193s] colcon.colcon_core.package_identification Level 1 _identify(src) by extension 'colcon_pkg'
[0.193s] colcon.colcon_core.package_identification Level 1 _identify(src) by extensions ['colcon_meta']
[0.193s] colcon.colcon_core.package_identification Level 1 _identify(src) by extension 'colcon_meta'
[0.193s] colcon.colcon_core.package_identification Level 1 _identify(src) by extensions ['ros']
[0.193s] colcon.colcon_core.package_identification Level 1 _identify(src) by extension 'ros'
[0.193s] colcon.colcon_core.package_identification Level 1 _identify(src) by extensions ['cmake', 'python']
[0.193s] colcon.colcon_core.package_identification Level 1 _identify(src) by extension 'cmake'
[0.193s] colcon.colcon_core.package_identification Level 1 _identify(src) by extension 'python'
[0.193s] colcon.colcon_core.package_identification Level 1 _identify(src) by extensions ['python_setup_py']
[0.193s] colcon.colcon_core.package_identification Level 1 _identify(src) by extension 'python_setup_py'
[0.193s] colcon.colcon_core.package_identification Level 1 _identify(src/collaborative_detection) by extensions ['ignore', 'ignore_ament_install']
[0.193s] colcon.colcon_core.package_identification Level 1 _identify(src/collaborative_detection) by extension 'ignore'
[0.193s] colcon.colcon_core.package_identification Level 1 _identify(src/collaborative_detection) by extension 'ignore_ament_install'
[0.193s] colcon.colcon_core.package_identification Level 1 _identify(src/collaborative_detection) by extensions ['colcon_pkg']
[0.193s] colcon.colcon_core.package_identification Level 1 _identify(src/collaborative_detection) by extension 'colcon_pkg'
[0.193s] colcon.colcon_core.package_identification Level 1 _identify(src/collaborative_detection) by extensions ['colcon_meta']
[0.193s] colcon.colcon_core.package_identification Level 1 _identify(src/collaborative_detection) by extension 'colcon_meta'
[0.193s] colcon.colcon_core.package_identification Level 1 _identify(src/collaborative_detection) by extensions ['ros']
[0.193s] colcon.colcon_core.package_identification Level 1 _identify(src/collaborative_detection) by extension 'ros'
[0.195s] colcon.colcon_core.package_identification DEBUG Package 'src/collaborative_detection' with type 'ros.ament_python' and name 'collaborative_detection'
[0.195s] colcon.colcon_core.package_discovery Level 1 discover_packages(recursive) using defaults
[0.195s] colcon.colcon_core.package_discovery Level 1 discover_packages(ignore) discover
[0.195s] colcon.colcon_core.package_discovery Level 1 discover_packages(ignore) using defaults
[0.195s] colcon.colcon_core.package_discovery Level 1 discover_packages(path) discover
[0.195s] colcon.colcon_core.package_discovery Level 1 discover_packages(path) using defaults
[0.207s] colcon.colcon_core.verb Level 5 set package 'collaborative_detection' build argument 'cmake_args' from command line to 'None'
[0.207s] colcon.colcon_core.verb Level 5 set package 'collaborative_detection' build argument 'cmake_target' from command line to 'None'
[0.207s] colcon.colcon_core.verb Level 5 set package 'collaborative_detection' build argument 'cmake_target_skip_unavailable' from command line to 'False'
[0.207s] colcon.colcon_core.verb Level 5 set package 'collaborative_detection' build argument 'cmake_clean_cache' from command line to 'False'
[0.207s] colcon.colcon_core.verb Level 5 set package 'collaborative_detection' build argument 'cmake_clean_first' from command line to 'False'
[0.207s] colcon.colcon_core.verb Level 5 set package 'collaborative_detection' build argument 'cmake_force_configure' from command line to 'False'
[0.207s] colcon.colcon_core.verb Level 5 set package 'collaborative_detection' build argument 'ament_cmake_args' from command line to 'None'
[0.207s] colcon.colcon_core.verb Level 5 set package 'collaborative_detection' build argument 'catkin_cmake_args' from command line to 'None'
[0.207s] colcon.colcon_core.verb Level 5 set package 'collaborative_detection' build argument 'catkin_skip_building_tests' from command line to 'False'
[0.207s] colcon.colcon_core.verb DEBUG Building package 'collaborative_detection' with the following arguments: {'ament_cmake_args': None, 'build_base': '/Users/toni/tfm_meaconing_ws/build/collaborative_detection', 'catkin_cmake_args': None, 'catkin_skip_building_tests': False, 'cmake_args': None, 'cmake_clean_cache': False, 'cmake_clean_first': False, 'cmake_force_configure': False, 'cmake_target': None, 'cmake_target_skip_unavailable': False, 'install_base': '/Users/toni/tfm_meaconing_ws/install/collaborative_detection', 'merge_install': False, 'path': '/Users/toni/tfm_meaconing_ws/src/collaborative_detection', 'symlink_install': True, 'test_result_base': None}
[0.208s] colcon.colcon_core.executor INFO Executing jobs using 'parallel' executor
[0.208s] colcon.colcon_parallel_executor.executor.parallel DEBUG run_until_complete
[0.208s] colcon.colcon_ros.task.ament_python.build INFO Building ROS package in '/Users/toni/tfm_meaconing_ws/src/collaborative_detection' with build type 'ament_python'
[0.208s] colcon.colcon_core.shell Level 1 create_environment_hook('collaborative_detection', 'ament_prefix_path')
[0.210s] colcon.colcon_core.plugin_system INFO Skipping extension 'colcon_core.shell.bat': Not used on non-Windows systems
[0.210s] colcon.colcon_core.shell INFO Creating environment hook '/Users/toni/tfm_meaconing_ws/install/collaborative_detection/share/collaborative_detection/hook/ament_prefix_path.ps1'
[0.211s] colcon.colcon_core.shell INFO Creating environment descriptor '/Users/toni/tfm_meaconing_ws/install/collaborative_detection/share/collaborative_detection/hook/ament_prefix_path.dsv'
[0.211s] colcon.colcon_core.shell INFO Creating environment hook '/Users/toni/tfm_meaconing_ws/install/collaborative_detection/share/collaborative_detection/hook/ament_prefix_path.sh'
[0.211s] colcon.colcon_core.shell INFO Skip shell extension 'powershell' for command environment: Not usable outside of PowerShell
[0.211s] colcon.colcon_core.shell DEBUG Skip shell extension 'dsv' for command environment
[0.362s] colcon.colcon_core.task.python.build INFO Building Python package in '/Users/toni/tfm_meaconing_ws/src/collaborative_detection'
[0.362s] colcon.colcon_core.shell INFO Skip shell extension 'powershell' for command environment: Not usable outside of PowerShell
[0.362s] colcon.colcon_core.shell DEBUG Skip shell extension 'dsv' for command environment
[0.737s] colcon.colcon_core.task.python.build DEBUG Available setuptools commands: install_headers, bdist_egg, sdist, install_scripts, saveopts, symlink_data, build, easy_install, rotate, check, build_ext, build_scripts, editable_wheel, develop, egg_info, build_py, build_clib, bdist_dumb, bdist_rpm, install, install_lib, install_egg_info, clean, install_data, dist_info, bdist, alias, setopt, bdist_wheel
[0.926s] colcon.colcon_core.task.python.build DEBUG Available setuptools 'develop' options: --multi-version, --record, --always-unzip, --allow-hosts, --no-user-cfg, --prefix, --user, --egg-path, --editable, --index-url, --uninstall, --exclude-scripts, --no-find-links, --zip-ok, --site-dirs, --optimize, --version, --verbose, --help, --no-deps, --local-snapshots-ok, --upgrade, --quiet, --always-copy, --find-links, --build-directory, --dry-run, --script-dir, --install-dir
[0.928s] colcon.colcon_core.event_handler.log_command DEBUG Invoking command in '/Users/toni/tfm_meaconing_ws/build/collaborative_detection': PIXI_PROMPT=(robostack:humble) PYTHONPATH=/Users/toni/tfm_meaconing_ws/build/collaborative_detection/prefix_override:/Users/toni/robostack/.pixi/envs/jazzy/lib/python3.12/site-packages/colcon_core/task/python/colcon_distutils_commands:/Users/toni/tfm_meaconing_ws/install/collaborative_detection/lib/python3.12/site-packages:${PYTHONPATH} SHLVL=4 _=/usr/bin/env /Users/toni/robostack/.pixi/envs/jazzy/bin/python3.12 -W ignore:setup.py install is deprecated -W ignore:easy_install command is deprecated setup.py develop --editable --build-directory /Users/toni/tfm_meaconing_ws/build/collaborative_detection/build --no-deps symlink_data
[1.305s] colcon.colcon_core.shell Level 1 create_environment_hook('collaborative_detection', 'pythonpath_develop')
[1.306s] colcon.colcon_core.shell INFO Creating environment hook '/Users/toni/tfm_meaconing_ws/build/collaborative_detection/share/collaborative_detection/hook/pythonpath_develop.ps1'
[1.306s] colcon.colcon_core.event_handler.log_command DEBUG Invoked command in '/Users/toni/tfm_meaconing_ws/build/collaborative_detection' returned '0': PIXI_PROMPT=(robostack:humble) PYTHONPATH=/Users/toni/tfm_meaconing_ws/build/collaborative_detection/prefix_override:/Users/toni/robostack/.pixi/envs/jazzy/lib/python3.12/site-packages/colcon_core/task/python/colcon_distutils_commands:/Users/toni/tfm_meaconing_ws/install/collaborative_detection/lib/python3.12/site-packages:${PYTHONPATH} SHLVL=4 _=/usr/bin/env /Users/toni/robostack/.pixi/envs/jazzy/bin/python3.12 -W ignore:setup.py install is deprecated -W ignore:easy_install command is deprecated setup.py develop --editable --build-directory /Users/toni/tfm_meaconing_ws/build/collaborative_detection/build --no-deps symlink_data
[1.306s] colcon.colcon_core.shell INFO Creating environment descriptor '/Users/toni/tfm_meaconing_ws/build/collaborative_detection/share/collaborative_detection/hook/pythonpath_develop.dsv'
[1.306s] colcon.colcon_core.shell INFO Creating environment hook '/Users/toni/tfm_meaconing_ws/build/collaborative_detection/share/collaborative_detection/hook/pythonpath_develop.sh'
[1.310s] colcon.colcon_core.environment Level 1 checking '/Users/toni/tfm_meaconing_ws/install/collaborative_detection' for CMake module files
[1.310s] colcon.colcon_core.environment Level 1 checking '/Users/toni/tfm_meaconing_ws/install/collaborative_detection' for CMake config files
[1.311s] colcon.colcon_core.environment Level 1 checking '/Users/toni/tfm_meaconing_ws/install/collaborative_detection/lib'
[1.311s] colcon.colcon_core.environment Level 1 checking '/Users/toni/tfm_meaconing_ws/install/collaborative_detection/bin'
[1.311s] colcon.colcon_core.environment Level 1 checking '/Users/toni/tfm_meaconing_ws/install/collaborative_detection/lib/pkgconfig/collaborative_detection.pc'
[1.311s] colcon.colcon_core.environment Level 1 checking '/Users/toni/tfm_meaconing_ws/install/collaborative_detection/lib/python3.12/site-packages'
[1.311s] colcon.colcon_core.shell Level 1 create_environment_hook('collaborative_detection', 'pythonpath')
[1.311s] colcon.colcon_core.shell INFO Creating environment hook '/Users/toni/tfm_meaconing_ws/install/collaborative_detection/share/collaborative_detection/hook/pythonpath.ps1'
[1.311s] colcon.colcon_core.shell INFO Creating environment descriptor '/Users/toni/tfm_meaconing_ws/install/collaborative_detection/share/collaborative_detection/hook/pythonpath.dsv'
[1.311s] colcon.colcon_core.shell INFO Creating environment hook '/Users/toni/tfm_meaconing_ws/install/collaborative_detection/share/collaborative_detection/hook/pythonpath.sh'
[1.312s] colcon.colcon_core.environment Level 1 checking '/Users/toni/tfm_meaconing_ws/install/collaborative_detection/bin'
[1.312s] colcon.colcon_core.environment Level 1 create_environment_scripts_only(collaborative_detection)
[1.312s] colcon.colcon_core.shell INFO Creating package script '/Users/toni/tfm_meaconing_ws/install/collaborative_detection/share/collaborative_detection/package.ps1'
[1.312s] colcon.colcon_core.shell INFO Creating package descriptor '/Users/toni/tfm_meaconing_ws/install/collaborative_detection/share/collaborative_detection/package.dsv'
[1.313s] colcon.colcon_core.shell INFO Creating package script '/Users/toni/tfm_meaconing_ws/install/collaborative_detection/share/collaborative_detection/package.sh'
[1.313s] colcon.colcon_core.shell INFO Creating package script '/Users/toni/tfm_meaconing_ws/install/collaborative_detection/share/collaborative_detection/package.bash'
[1.314s] colcon.colcon_core.shell INFO Creating package script '/Users/toni/tfm_meaconing_ws/install/collaborative_detection/share/collaborative_detection/package.zsh'
[1.314s] colcon.colcon_core.environment Level 1 create_file_with_runtime_dependencies(/Users/toni/tfm_meaconing_ws/install/collaborative_detection/share/colcon-core/packages/collaborative_detection)
[1.314s] colcon.colcon_parallel_executor.executor.parallel DEBUG closing loop
[1.315s] colcon.colcon_parallel_executor.executor.parallel DEBUG loop closed
[1.315s] colcon.colcon_parallel_executor.executor.parallel DEBUG run_until_complete finished with '0'
[1.315s] colcon.colcon_core.event_reactor DEBUG joining thread
[1.315s] colcon.colcon_core.event_reactor DEBUG joined thread
[1.315s] colcon.colcon_core.shell INFO Creating prefix script '/Users/toni/tfm_meaconing_ws/install/local_setup.ps1'
[1.316s] colcon.colcon_core.shell INFO Creating prefix util module '/Users/toni/tfm_meaconing_ws/install/_local_setup_util_ps1.py'
[1.316s] colcon.colcon_core.shell INFO Creating prefix chain script '/Users/toni/tfm_meaconing_ws/install/setup.ps1'
[1.317s] colcon.colcon_core.shell INFO Creating prefix script '/Users/toni/tfm_meaconing_ws/install/local_setup.sh'
[1.318s] colcon.colcon_core.shell INFO Creating prefix util module '/Users/toni/tfm_meaconing_ws/install/_local_setup_util_sh.py'
[1.318s] colcon.colcon_core.shell INFO Creating prefix chain script '/Users/toni/tfm_meaconing_ws/install/setup.sh'
[1.319s] colcon.colcon_core.shell INFO Creating prefix script '/Users/toni/tfm_meaconing_ws/install/local_setup.bash'
[1.319s] colcon.colcon_core.shell INFO Creating prefix chain script '/Users/toni/tfm_meaconing_ws/install/setup.bash'
[1.320s] colcon.colcon_core.shell INFO Creating prefix script '/Users/toni/tfm_meaconing_ws/install/local_setup.zsh'
[1.321s] colcon.colcon_core.shell INFO Creating prefix chain script '/Users/toni/tfm_meaconing_ws/install/setup.zsh'
