/Users/toni/tfm_meaconing_ws/install/collaborative_detection/lib/python3.12/site-packages/collaborative_detection/__init__.py
/Users/toni/tfm_meaconing_ws/install/collaborative_detection/lib/python3.12/site-packages/collaborative_detection/nodes/cusum_detector_node.py
/Users/toni/tfm_meaconing_ws/install/collaborative_detection/lib/python3.12/site-packages/collaborative_detection/nodes/uwb_sim_node.py
/Users/toni/tfm_meaconing_ws/install/collaborative_detection/lib/python3.12/site-packages/collaborative_detection/nodes/gnss_sim_node.py
/Users/toni/tfm_meaconing_ws/install/collaborative_detection/lib/python3.12/site-packages/collaborative_detection/nodes/__init__.py
/Users/toni/tfm_meaconing_ws/install/collaborative_detection/lib/python3.12/site-packages/collaborative_detection/nodes/meaconing_injector.py
/Users/toni/tfm_meaconing_ws/install/collaborative_detection/lib/python3.12/site-packages/collaborative_detection/nodes/robot_mover_node.py
/Users/toni/tfm_meaconing_ws/install/collaborative_detection/lib/python3.12/site-packages/collaborative_detection/__pycache__/__init__.cpython-312.pyc
/Users/toni/tfm_meaconing_ws/install/collaborative_detection/lib/python3.12/site-packages/collaborative_detection/nodes/__pycache__/cusum_detector_node.cpython-312.pyc
/Users/toni/tfm_meaconing_ws/install/collaborative_detection/lib/python3.12/site-packages/collaborative_detection/nodes/__pycache__/uwb_sim_node.cpython-312.pyc
/Users/toni/tfm_meaconing_ws/install/collaborative_detection/lib/python3.12/site-packages/collaborative_detection/nodes/__pycache__/gnss_sim_node.cpython-312.pyc
/Users/toni/tfm_meaconing_ws/install/collaborative_detection/lib/python3.12/site-packages/collaborative_detection/nodes/__pycache__/__init__.cpython-312.pyc
/Users/toni/tfm_meaconing_ws/install/collaborative_detection/lib/python3.12/site-packages/collaborative_detection/nodes/__pycache__/meaconing_injector.cpython-312.pyc
/Users/toni/tfm_meaconing_ws/install/collaborative_detection/lib/python3.12/site-packages/collaborative_detection/nodes/__pycache__/robot_mover_node.cpython-312.pyc
/Users/toni/tfm_meaconing_ws/install/collaborative_detection/share/ament_index/resource_index/packages/collaborative_detection
/Users/toni/tfm_meaconing_ws/install/collaborative_detection/share/collaborative_detection/package.xml
/Users/toni/tfm_meaconing_ws/install/collaborative_detection/share/collaborative_detection/launch/two_robots.launch.py
/Users/toni/tfm_meaconing_ws/install/collaborative_detection/share/collaborative_detection/launch/experiment.launch.py
/Users/toni/tfm_meaconing_ws/install/collaborative_detection/share/collaborative_detection/config/params.yaml
/Users/toni/tfm_meaconing_ws/install/collaborative_detection/lib/python3.12/site-packages/collaborative_detection-0.1.0-py3.12.egg-info/PKG-INFO
/Users/toni/tfm_meaconing_ws/install/collaborative_detection/lib/python3.12/site-packages/collaborative_detection-0.1.0-py3.12.egg-info/zip-safe
/Users/toni/tfm_meaconing_ws/install/collaborative_detection/lib/python3.12/site-packages/collaborative_detection-0.1.0-py3.12.egg-info/SOURCES.txt
/Users/toni/tfm_meaconing_ws/install/collaborative_detection/lib/python3.12/site-packages/collaborative_detection-0.1.0-py3.12.egg-info/entry_points.txt
/Users/toni/tfm_meaconing_ws/install/collaborative_detection/lib/python3.12/site-packages/collaborative_detection-0.1.0-py3.12.egg-info/requires.txt
/Users/toni/tfm_meaconing_ws/install/collaborative_detection/lib/python3.12/site-packages/collaborative_detection-0.1.0-py3.12.egg-info/top_level.txt
/Users/toni/tfm_meaconing_ws/install/collaborative_detection/lib/python3.12/site-packages/collaborative_detection-0.1.0-py3.12.egg-info/dependency_links.txt
/Users/toni/tfm_meaconing_ws/install/collaborative_detection/lib/collaborative_detection/cusum_detector_node
/Users/toni/tfm_meaconing_ws/install/collaborative_detection/lib/collaborative_detection/gnss_sim_node
/Users/toni/tfm_meaconing_ws/install/collaborative_detection/lib/collaborative_detection/meaconing_injector
/Users/toni/tfm_meaconing_ws/install/collaborative_detection/lib/collaborative_detection/robot_mover_node
/Users/toni/tfm_meaconing_ws/install/collaborative_detection/lib/collaborative_detection/uwb_sim_node
