/Users/toni/robostack/.pixi/envs/jazzy/lib/python3.12/site-packages/setuptools/_distutils/dist.py:289: UserWarning: Unknown distribution option: 'tests_require'
  warnings.warn(msg)
running develop
running egg_info
creating collaborative_detection.egg-info
writing collaborative_detection.egg-info/PKG-INFO
writing dependency_links to collaborative_detection.egg-info/dependency_links.txt
writing entry points to collaborative_detection.egg-info/entry_points.txt
writing requirements to collaborative_detection.egg-info/requires.txt
writing top-level names to collaborative_detection.egg-info/top_level.txt
writing manifest file 'collaborative_detection.egg-info/SOURCES.txt'
reading manifest file 'collaborative_detection.egg-info/SOURCES.txt'
writing manifest file 'collaborative_detection.egg-info/SOURCES.txt'
running build_ext
Creating /Users/toni/tfm_meaconing_ws/install/collaborative_detection/lib/python3.12/site-packages/collaborative-detection.egg-link (link to .)
Installing cusum_detector_node script to /Users/toni/tfm_meaconing_ws/install/collaborative_detection/lib/collaborative_detection
Installing gnss_sim_node script to /Users/toni/tfm_meaconing_ws/install/collaborative_detection/lib/collaborative_detection
Installing meaconing_injector script to /Users/toni/tfm_meaconing_ws/install/collaborative_detection/lib/collaborative_detection
Installing uwb_sim_node script to /Users/toni/tfm_meaconing_ws/install/collaborative_detection/lib/collaborative_detection

Installed /Users/toni/tfm_meaconing_ws/build/collaborative_detection
running symlink_data
creating /Users/toni/tfm_meaconing_ws/install/collaborative_detection/share/ament_index/resource_index/packages
symbolically linking /Users/toni/tfm_meaconing_ws/build/collaborative_detection/resource/collaborative_detection -> /Users/toni/tfm_meaconing_ws/install/collaborative_detection/share/ament_index/resource_index/packages
symbolically linking /Users/toni/tfm_meaconing_ws/build/collaborative_detection/package.xml -> /Users/toni/tfm_meaconing_ws/install/collaborative_detection/share/collaborative_detection
creating /Users/toni/tfm_meaconing_ws/install/collaborative_detection/share/collaborative_detection/launch
symbolically linking /Users/toni/tfm_meaconing_ws/build/collaborative_detection/launch/two_robots.launch.py -> /Users/toni/tfm_meaconing_ws/install/collaborative_detection/share/collaborative_detection/launch
symbolically linking /Users/toni/tfm_meaconing_ws/build/collaborative_detection/launch/experiment.launch.py -> /Users/toni/tfm_meaconing_ws/install/collaborative_detection/share/collaborative_detection/launch
creating /Users/toni/tfm_meaconing_ws/install/collaborative_detection/share/collaborative_detection/config
symbolically linking /Users/toni/tfm_meaconing_ws/build/collaborative_detection/config/params.yaml -> /Users/toni/tfm_meaconing_ws/install/collaborative_detection/share/collaborative_detection/config
