[0.619s] Invoking command in '/Users/toni/tfm_meaconing_ws/build/collaborative_detection': PYTHONPATH=/Users/toni/tfm_meaconing_ws/build/collaborative_detection/prefix_override:/Users/toni/robostack/.pixi/envs/jazzy/lib/python3.12/site-packages/colcon_core/task/python/colcon_distutils_commands:/Users/toni/tfm_meaconing_ws/install/collaborative_detection/lib/python3.12/site-packages:${PYTHONPATH} SHLVL=3 _=/usr/bin/env /Users/toni/robostack/.pixi/envs/jazzy/bin/python3.12 -W ignore:setup.py install is deprecated -W ignore:easy_install command is deprecated setup.py develop --editable --build-directory /Users/toni/tfm_meaconing_ws/build/collaborative_detection/build --no-deps symlink_data
[0.704s] /Users/toni/robostack/.pixi/envs/jazzy/lib/python3.12/site-packages/setuptools/_distutils/dist.py:289: UserWarning: Unknown distribution option: 'tests_require'
[0.704s]   warnings.warn(msg)
[0.773s] running develop
[0.870s] running egg_info
[0.879s] creating collaborative_detection.egg-info
[0.879s] writing collaborative_detection.egg-info/PKG-INFO
[0.879s] writing dependency_links to collaborative_detection.egg-info/dependency_links.txt
[0.879s] writing entry points to collaborative_detection.egg-info/entry_points.txt
[0.879s] writing requirements to collaborative_detection.egg-info/requires.txt
[0.879s] writing top-level names to collaborative_detection.egg-info/top_level.txt
[0.880s] writing manifest file 'collaborative_detection.egg-info/SOURCES.txt'
[0.897s] reading manifest file 'collaborative_detection.egg-info/SOURCES.txt'
[0.897s] writing manifest file 'collaborative_detection.egg-info/SOURCES.txt'
[0.905s] running build_ext
[0.906s] Creating /Users/toni/tfm_meaconing_ws/install/collaborative_detection/lib/python3.12/site-packages/collaborative-detection.egg-link (link to .)
[0.906s] Installing cusum_detector_node script to /Users/toni/tfm_meaconing_ws/install/collaborative_detection/lib/collaborative_detection
[0.907s] Installing gnss_sim_node script to /Users/toni/tfm_meaconing_ws/install/collaborative_detection/lib/collaborative_detection
[0.907s] Installing meaconing_injector script to /Users/toni/tfm_meaconing_ws/install/collaborative_detection/lib/collaborative_detection
[0.907s] Installing uwb_sim_node script to /Users/toni/tfm_meaconing_ws/install/collaborative_detection/lib/collaborative_detection
[0.907s] 
[0.907s] Installed /Users/toni/tfm_meaconing_ws/build/collaborative_detection
[0.907s] running symlink_data
[0.907s] creating /Users/toni/tfm_meaconing_ws/install/collaborative_detection/share/ament_index/resource_index/packages
[0.907s] symbolically linking /Users/toni/tfm_meaconing_ws/build/collaborative_detection/resource/collaborative_detection -> /Users/toni/tfm_meaconing_ws/install/collaborative_detection/share/ament_index/resource_index/packages
[0.907s] symbolically linking /Users/toni/tfm_meaconing_ws/build/collaborative_detection/package.xml -> /Users/toni/tfm_meaconing_ws/install/collaborative_detection/share/collaborative_detection
[0.907s] creating /Users/toni/tfm_meaconing_ws/install/collaborative_detection/share/collaborative_detection/launch
[0.908s] symbolically linking /Users/toni/tfm_meaconing_ws/build/collaborative_detection/launch/two_robots.launch.py -> /Users/toni/tfm_meaconing_ws/install/collaborative_detection/share/collaborative_detection/launch
[0.908s] symbolically linking /Users/toni/tfm_meaconing_ws/build/collaborative_detection/launch/experiment.launch.py -> /Users/toni/tfm_meaconing_ws/install/collaborative_detection/share/collaborative_detection/launch
[0.908s] creating /Users/toni/tfm_meaconing_ws/install/collaborative_detection/share/collaborative_detection/config
[0.908s] symbolically linking /Users/toni/tfm_meaconing_ws/build/collaborative_detection/config/params.yaml -> /Users/toni/tfm_meaconing_ws/install/collaborative_detection/share/collaborative_detection/config
[0.920s] Invoked command in '/Users/toni/tfm_meaconing_ws/build/collaborative_detection' returned '0': PYTHONPATH=/Users/toni/tfm_meaconing_ws/build/collaborative_detection/prefix_override:/Users/toni/robostack/.pixi/envs/jazzy/lib/python3.12/site-packages/colcon_core/task/python/colcon_distutils_commands:/Users/toni/tfm_meaconing_ws/install/collaborative_detection/lib/python3.12/site-packages:${PYTHONPATH} SHLVL=3 _=/usr/bin/env /Users/toni/robostack/.pixi/envs/jazzy/bin/python3.12 -W ignore:setup.py install is deprecated -W ignore:easy_install command is deprecated setup.py develop --editable --build-directory /Users/toni/tfm_meaconing_ws/build/collaborative_detection/build --no-deps symlink_data
