running egg_info
writing ../../build/collaborative_detection/collaborative_detection.egg-info/PKG-INFO
writing dependency_links to ../../build/collaborative_detection/collaborative_detection.egg-info/dependency_links.txt
writing entry points to ../../build/collaborative_detection/collaborative_detection.egg-info/entry_points.txt
writing requirements to ../../build/collaborative_detection/collaborative_detection.egg-info/requires.txt
writing top-level names to ../../build/collaborative_detection/collaborative_detection.egg-info/top_level.txt
reading manifest file '../../build/collaborative_detection/collaborative_detection.egg-info/SOURCES.txt'
writing manifest file '../../build/collaborative_detection/collaborative_detection.egg-info/SOURCES.txt'
running build
running build_py
copying collaborative_detection/__init__.py -> /Users/toni/tfm_meaconing_ws/build/collaborative_detection/build/lib/collaborative_detection
copying collaborative_detection/nodes/cusum_detector_node.py -> /Users/toni/tfm_meaconing_ws/build/collaborative_detection/build/lib/collaborative_detection/nodes
copying collaborative_detection/nodes/uwb_sim_node.py -> /Users/toni/tfm_meaconing_ws/build/collaborative_detection/build/lib/collaborative_detection/nodes
copying collaborative_detection/nodes/gnss_sim_node.py -> /Users/toni/tfm_meaconing_ws/build/collaborative_detection/build/lib/collaborative_detection/nodes
copying collaborative_detection/nodes/__init__.py -> /Users/toni/tfm_meaconing_ws/build/collaborative_detection/build/lib/collaborative_detection/nodes
copying collaborative_detection/nodes/meaconing_injector.py -> /Users/toni/tfm_meaconing_ws/build/collaborative_detection/build/lib/collaborative_detection/nodes
copying collaborative_detection/nodes/robot_mover_node.py -> /Users/toni/tfm_meaconing_ws/build/collaborative_detection/build/lib/collaborative_detection/nodes
running install
running install_lib
copying /Users/toni/tfm_meaconing_ws/build/collaborative_detection/build/lib/collaborative_detection/nodes/robot_mover_node.py -> /Users/toni/tfm_meaconing_ws/install/collaborative_detection/lib/python3.12/site-packages/collaborative_detection/nodes
byte-compiling /Users/toni/tfm_meaconing_ws/install/collaborative_detection/lib/python3.12/site-packages/collaborative_detection/nodes/robot_mover_node.py to robot_mover_node.cpython-312.pyc
running install_data
copying resource/collaborative_detection -> /Users/toni/tfm_meaconing_ws/install/collaborative_detection/share/ament_index/resource_index/packages
copying package.xml -> /Users/toni/tfm_meaconing_ws/install/collaborative_detection/share/collaborative_detection
copying launch/two_robots.launch.py -> /Users/toni/tfm_meaconing_ws/install/collaborative_detection/share/collaborative_detection/launch
copying launch/experiment.launch.py -> /Users/toni/tfm_meaconing_ws/install/collaborative_detection/share/collaborative_detection/launch
copying config/params.yaml -> /Users/toni/tfm_meaconing_ws/install/collaborative_detection/share/collaborative_detection/config
running install_egg_info
removing '/Users/toni/tfm_meaconing_ws/install/collaborative_detection/lib/python3.12/site-packages/collaborative_detection-0.1.0-py3.12.egg-info' (and everything under it)
Copying ../../build/collaborative_detection/collaborative_detection.egg-info to /Users/toni/tfm_meaconing_ws/install/collaborative_detection/lib/python3.12/site-packages/collaborative_detection-0.1.0-py3.12.egg-info
running install_scripts
Installing cusum_detector_node script to /Users/toni/tfm_meaconing_ws/install/collaborative_detection/lib/collaborative_detection
Installing gnss_sim_node script to /Users/toni/tfm_meaconing_ws/install/collaborative_detection/lib/collaborative_detection
Installing meaconing_injector script to /Users/toni/tfm_meaconing_ws/install/collaborative_detection/lib/collaborative_detection
Installing robot_mover_node script to /Users/toni/tfm_meaconing_ws/install/collaborative_detection/lib/collaborative_detection
Installing uwb_sim_node script to /Users/toni/tfm_meaconing_ws/install/collaborative_detection/lib/collaborative_detection
writing list of installed files to '/Users/toni/tfm_meaconing_ws/build/collaborative_detection/install.log'
