[0.528s] Invoking command in '/Users/toni/tfm_meaconing_ws/build/collaborative_detection': PYTHONPATH=/Users/toni/tfm_meaconing_ws/build/collaborative_detection/prefix_override:/Users/toni/robostack/.pixi/envs/jazzy/lib/python3.12/site-packages/colcon_core/task/python/colcon_distutils_commands:/Users/toni/tfm_meaconing_ws/install/collaborative_detection/lib/python3.12/site-packages:${PYTHONPATH} SHLVL=3 _=/usr/bin/env /Users/toni/robostack/.pixi/envs/jazzy/bin/python3.12 -W ignore:setup.py install is deprecated -W ignore:easy_install command is deprecated setup.py develop --editable --build-directory /Users/toni/tfm_meaconing_ws/build/collaborative_detection/build --no-deps symlink_data
[0.613s] /Users/toni/robostack/.pixi/envs/jazzy/lib/python3.12/site-packages/setuptools/_distutils/dist.py:289: UserWarning: Unknown distribution option: 'tests_require'
[0.613s]   warnings.warn(msg)
[0.679s] running develop
[0.776s] running egg_info
[0.784s] writing collaborative_detection.egg-info/PKG-INFO
[0.784s] writing dependency_links to collaborative_detection.egg-info/dependency_links.txt
[0.784s] writing entry points to collaborative_detection.egg-info/entry_points.txt
[0.784s] writing requirements to collaborative_detection.egg-info/requires.txt
[0.784s] writing top-level names to collaborative_detection.egg-info/top_level.txt
[0.801s] reading manifest file 'collaborative_detection.egg-info/SOURCES.txt'
[0.802s] writing manifest file 'collaborative_detection.egg-info/SOURCES.txt'
[0.811s] running build_ext
[0.811s] Creating /Users/toni/tfm_meaconing_ws/install/collaborative_detection/lib/python3.12/site-packages/collaborative-detection.egg-link (link to .)
[0.811s] Installing cusum_detector_node script to /Users/toni/tfm_meaconing_ws/install/collaborative_detection/lib/collaborative_detection
[0.811s] Installing gnss_sim_node script to /Users/toni/tfm_meaconing_ws/install/collaborative_detection/lib/collaborative_detection
[0.811s] Installing meaconing_injector script to /Users/toni/tfm_meaconing_ws/install/collaborative_detection/lib/collaborative_detection
[0.812s] Installing uwb_sim_node script to /Users/toni/tfm_meaconing_ws/install/collaborative_detection/lib/collaborative_detection
[0.812s] 
[0.812s] Installed /Users/toni/tfm_meaconing_ws/build/collaborative_detection
[0.812s] running symlink_data
[0.825s] Invoked command in '/Users/toni/tfm_meaconing_ws/build/collaborative_detection' returned '0': PYTHONPATH=/Users/toni/tfm_meaconing_ws/build/collaborative_detection/prefix_override:/Users/toni/robostack/.pixi/envs/jazzy/lib/python3.12/site-packages/colcon_core/task/python/colcon_distutils_commands:/Users/toni/tfm_meaconing_ws/install/collaborative_detection/lib/python3.12/site-packages:${PYTHONPATH} SHLVL=3 _=/usr/bin/env /Users/toni/robostack/.pixi/envs/jazzy/bin/python3.12 -W ignore:setup.py install is deprecated -W ignore:easy_install command is deprecated setup.py develop --editable --build-directory /Users/toni/tfm_meaconing_ws/build/collaborative_detection/build --no-deps symlink_data
