[0.436s] Invoking command in '/Users/toni/tfm_meaconing_ws/build/collaborative_detection': CONDA_PROMPT_MODIFIER=(base) PIXI_PROMPT=(robostack:jazzy) PYTHONPATH=/Users/toni/tfm_meaconing_ws/build/collaborative_detection/prefix_override:/Users/toni/robostack/.pixi/envs/jazzy/lib/python3.12/site-packages/colcon_core/task/python/colcon_distutils_commands:/Users/toni/tfm_meaconing_ws/install/collaborative_detection/lib/python3.12/site-packages:${PYTHONPATH} SHLVL=3 _=/usr/bin/env /Users/toni/robostack/.pixi/envs/jazzy/bin/python3.12 -W ignore:setup.py install is deprecated -W ignore:easy_install command is deprecated setup.py develop --uninstall --editable --build-directory /Users/toni/tfm_meaconing_ws/build/collaborative_detection/build
[0.514s] /Users/toni/robostack/.pixi/envs/jazzy/lib/python3.12/site-packages/setuptools/_distutils/dist.py:289: UserWarning: Unknown distribution option: 'tests_require'
[0.515s]   warnings.warn(msg)
[0.574s] running develop
[0.669s] Removing /Users/toni/tfm_meaconing_ws/install/collaborative_detection/lib/python3.12/site-packages/collaborative-detection.egg-link (link to .)
[0.680s] Invoked command in '/Users/toni/tfm_meaconing_ws/build/collaborative_detection' returned '0': CONDA_PROMPT_MODIFIER=(base) PIXI_PROMPT=(robostack:jazzy) PYTHONPATH=/Users/toni/tfm_meaconing_ws/build/collaborative_detection/prefix_override:/Users/toni/robostack/.pixi/envs/jazzy/lib/python3.12/site-packages/colcon_core/task/python/colcon_distutils_commands:/Users/toni/tfm_meaconing_ws/install/collaborative_detection/lib/python3.12/site-packages:${PYTHONPATH} SHLVL=3 _=/usr/bin/env /Users/toni/robostack/.pixi/envs/jazzy/bin/python3.12 -W ignore:setup.py install is deprecated -W ignore:easy_install command is deprecated setup.py develop --uninstall --editable --build-directory /Users/toni/tfm_meaconing_ws/build/collaborative_detection/build
[0.682s] Invoking command in '/Users/toni/tfm_meaconing_ws/src/collaborative_detection': CONDA_PROMPT_MODIFIER=(base) PIXI_PROMPT=(robostack:jazzy) PYTHONPATH=/Users/toni/tfm_meaconing_ws/build/collaborative_detection/prefix_override:/Users/toni/robostack/.pixi/envs/jazzy/lib/python3.12/site-packages/colcon_core/task/python/colcon_distutils_commands:/Users/toni/tfm_meaconing_ws/install/collaborative_detection/lib/python3.12/site-packages:${PYTHONPATH} SHLVL=3 _=/usr/bin/env /Users/toni/robostack/.pixi/envs/jazzy/bin/python3.12 -W ignore:setup.py install is deprecated -W ignore:easy_install command is deprecated setup.py egg_info --egg-base ../../build/collaborative_detection build --build-base /Users/toni/tfm_meaconing_ws/build/collaborative_detection/build install --record /Users/toni/tfm_meaconing_ws/build/collaborative_detection/install.log --install-scripts $base/lib/collaborative_detection --single-version-externally-managed install_data --force
[0.761s] /Users/toni/robostack/.pixi/envs/jazzy/lib/python3.12/site-packages/setuptools/_distutils/dist.py:289: UserWarning: Unknown distribution option: 'tests_require'
[0.761s]   warnings.warn(msg)
[0.811s] running egg_info
[0.818s] writing ../../build/collaborative_detection/collaborative_detection.egg-info/PKG-INFO
[0.819s] writing dependency_links to ../../build/collaborative_detection/collaborative_detection.egg-info/dependency_links.txt
[0.819s] writing entry points to ../../build/collaborative_detection/collaborative_detection.egg-info/entry_points.txt
[0.819s] writing requirements to ../../build/collaborative_detection/collaborative_detection.egg-info/requires.txt
[0.819s] writing top-level names to ../../build/collaborative_detection/collaborative_detection.egg-info/top_level.txt
[0.835s] reading manifest file '../../build/collaborative_detection/collaborative_detection.egg-info/SOURCES.txt'
[0.836s] writing manifest file '../../build/collaborative_detection/collaborative_detection.egg-info/SOURCES.txt'
[0.836s] running build
[0.836s] running build_py
[0.836s] creating /Users/toni/tfm_meaconing_ws/build/collaborative_detection/build/lib/collaborative_detection
[0.836s] copying collaborative_detection/__init__.py -> /Users/toni/tfm_meaconing_ws/build/collaborative_detection/build/lib/collaborative_detection
[0.837s] creating /Users/toni/tfm_meaconing_ws/build/collaborative_detection/build/lib/collaborative_detection/nodes
[0.837s] copying collaborative_detection/nodes/cusum_detector_node.py -> /Users/toni/tfm_meaconing_ws/build/collaborative_detection/build/lib/collaborative_detection/nodes
[0.837s] copying collaborative_detection/nodes/uwb_sim_node.py -> /Users/toni/tfm_meaconing_ws/build/collaborative_detection/build/lib/collaborative_detection/nodes
[0.837s] copying collaborative_detection/nodes/gnss_sim_node.py -> /Users/toni/tfm_meaconing_ws/build/collaborative_detection/build/lib/collaborative_detection/nodes
[0.837s] copying collaborative_detection/nodes/__init__.py -> /Users/toni/tfm_meaconing_ws/build/collaborative_detection/build/lib/collaborative_detection/nodes
[0.837s] copying collaborative_detection/nodes/meaconing_injector.py -> /Users/toni/tfm_meaconing_ws/build/collaborative_detection/build/lib/collaborative_detection/nodes
[0.837s] running install
[0.840s] running install_lib
[0.848s] creating /Users/toni/tfm_meaconing_ws/install/collaborative_detection/lib/python3.12/site-packages/collaborative_detection
[0.848s] creating /Users/toni/tfm_meaconing_ws/install/collaborative_detection/lib/python3.12/site-packages/collaborative_detection/nodes
[0.848s] copying /Users/toni/tfm_meaconing_ws/build/collaborative_detection/build/lib/collaborative_detection/nodes/cusum_detector_node.py -> /Users/toni/tfm_meaconing_ws/install/collaborative_detection/lib/python3.12/site-packages/collaborative_detection/nodes
[0.848s] copying /Users/toni/tfm_meaconing_ws/build/collaborative_detection/build/lib/collaborative_detection/nodes/uwb_sim_node.py -> /Users/toni/tfm_meaconing_ws/install/collaborative_detection/lib/python3.12/site-packages/collaborative_detection/nodes
[0.848s] copying /Users/toni/tfm_meaconing_ws/build/collaborative_detection/build/lib/collaborative_detection/nodes/gnss_sim_node.py -> /Users/toni/tfm_meaconing_ws/install/collaborative_detection/lib/python3.12/site-packages/collaborative_detection/nodes
[0.848s] copying /Users/toni/tfm_meaconing_ws/build/collaborative_detection/build/lib/collaborative_detection/nodes/__init__.py -> /Users/toni/tfm_meaconing_ws/install/collaborative_detection/lib/python3.12/site-packages/collaborative_detection/nodes
[0.848s] copying /Users/toni/tfm_meaconing_ws/build/collaborative_detection/build/lib/collaborative_detection/nodes/meaconing_injector.py -> /Users/toni/tfm_meaconing_ws/install/collaborative_detection/lib/python3.12/site-packages/collaborative_detection/nodes
[0.849s] copying /Users/toni/tfm_meaconing_ws/build/collaborative_detection/build/lib/collaborative_detection/__init__.py -> /Users/toni/tfm_meaconing_ws/install/collaborative_detection/lib/python3.12/site-packages/collaborative_detection
[0.849s] byte-compiling /Users/toni/tfm_meaconing_ws/install/collaborative_detection/lib/python3.12/site-packages/collaborative_detection/nodes/cusum_detector_node.py to cusum_detector_node.cpython-312.pyc
[0.850s] byte-compiling /Users/toni/tfm_meaconing_ws/install/collaborative_detection/lib/python3.12/site-packages/collaborative_detection/nodes/uwb_sim_node.py to uwb_sim_node.cpython-312.pyc
[0.850s] byte-compiling /Users/toni/tfm_meaconing_ws/install/collaborative_detection/lib/python3.12/site-packages/collaborative_detection/nodes/gnss_sim_node.py to gnss_sim_node.cpython-312.pyc
[0.851s] byte-compiling /Users/toni/tfm_meaconing_ws/install/collaborative_detection/lib/python3.12/site-packages/collaborative_detection/nodes/__init__.py to __init__.cpython-312.pyc
[0.851s] byte-compiling /Users/toni/tfm_meaconing_ws/install/collaborative_detection/lib/python3.12/site-packages/collaborative_detection/nodes/meaconing_injector.py to meaconing_injector.cpython-312.pyc
[0.852s] byte-compiling /Users/toni/tfm_meaconing_ws/install/collaborative_detection/lib/python3.12/site-packages/collaborative_detection/__init__.py to __init__.cpython-312.pyc
[0.852s] running install_data
[0.852s] copying resource/collaborative_detection -> /Users/toni/tfm_meaconing_ws/install/collaborative_detection/share/ament_index/resource_index/packages
[0.852s] copying package.xml -> /Users/toni/tfm_meaconing_ws/install/collaborative_detection/share/collaborative_detection
[0.852s] copying launch/two_robots.launch.py -> /Users/toni/tfm_meaconing_ws/install/collaborative_detection/share/collaborative_detection/launch
[0.852s] copying launch/experiment.launch.py -> /Users/toni/tfm_meaconing_ws/install/collaborative_detection/share/collaborative_detection/launch
[0.852s] copying config/params.yaml -> /Users/toni/tfm_meaconing_ws/install/collaborative_detection/share/collaborative_detection/config
[0.853s] running install_egg_info
[0.861s] Copying ../../build/collaborative_detection/collaborative_detection.egg-info to /Users/toni/tfm_meaconing_ws/install/collaborative_detection/lib/python3.12/site-packages/collaborative_detection-0.1.0-py3.12.egg-info
[0.862s] running install_scripts
[0.909s] Installing cusum_detector_node script to /Users/toni/tfm_meaconing_ws/install/collaborative_detection/lib/collaborative_detection
[0.909s] Installing gnss_sim_node script to /Users/toni/tfm_meaconing_ws/install/collaborative_detection/lib/collaborative_detection
[0.909s] Installing meaconing_injector script to /Users/toni/tfm_meaconing_ws/install/collaborative_detection/lib/collaborative_detection
[0.910s] Installing uwb_sim_node script to /Users/toni/tfm_meaconing_ws/install/collaborative_detection/lib/collaborative_detection
[0.910s] writing list of installed files to '/Users/toni/tfm_meaconing_ws/build/collaborative_detection/install.log'
[0.921s] Invoked command in '/Users/toni/tfm_meaconing_ws/src/collaborative_detection' returned '0': CONDA_PROMPT_MODIFIER=(base) PIXI_PROMPT=(robostack:jazzy) PYTHONPATH=/Users/toni/tfm_meaconing_ws/build/collaborative_detection/prefix_override:/Users/toni/robostack/.pixi/envs/jazzy/lib/python3.12/site-packages/colcon_core/task/python/colcon_distutils_commands:/Users/toni/tfm_meaconing_ws/install/collaborative_detection/lib/python3.12/site-packages:${PYTHONPATH} SHLVL=3 _=/usr/bin/env /Users/toni/robostack/.pixi/envs/jazzy/bin/python3.12 -W ignore:setup.py install is deprecated -W ignore:easy_install command is deprecated setup.py egg_info --egg-base ../../build/collaborative_detection build --build-base /Users/toni/tfm_meaconing_ws/build/collaborative_detection/build install --record /Users/toni/tfm_meaconing_ws/build/collaborative_detection/install.log --install-scripts $base/lib/collaborative_detection --single-version-externally-managed install_data --force
