running egg_info
creating ../../build/collaborative_detection/collaborative_detection.egg-info
writing ../../build/collaborative_detection/collaborative_detection.egg-info/PKG-INFO
writing dependency_links to ../../build/collaborative_detection/collaborative_detection.egg-info/dependency_links.txt
writing entry points to ../../build/collaborative_detection/collaborative_detection.egg-info/entry_points.txt
writing requirements to ../../build/collaborative_detection/collaborative_detection.egg-info/requires.txt
writing top-level names to ../../build/collaborative_detection/collaborative_detection.egg-info/top_level.txt
writing manifest file '../../build/collaborative_detection/collaborative_detection.egg-info/SOURCES.txt'
reading manifest file '../../build/collaborative_detection/collaborative_detection.egg-info/SOURCES.txt'
writing manifest file '../../build/collaborative_detection/collaborative_detection.egg-info/SOURCES.txt'
running build
running build_py
creating /Users/toni/tfm_meaconing_ws/build/collaborative_detection/build/lib/collaborative_detection
copying collaborative_detection/__init__.py -> /Users/toni/tfm_meaconing_ws/build/collaborative_detection/build/lib/collaborative_detection
creating /Users/toni/tfm_meaconing_ws/build/collaborative_detection/build/lib/collaborative_detection/nodes
copying collaborative_detection/nodes/cusum_detector_node.py -> /Users/toni/tfm_meaconing_ws/build/collaborative_detection/build/lib/collaborative_detection/nodes
copying collaborative_detection/nodes/uwb_sim_node.py -> /Users/toni/tfm_meaconing_ws/build/collaborative_detection/build/lib/collaborative_detection/nodes
copying collaborative_detection/nodes/gnss_sim_node.py -> /Users/toni/tfm_meaconing_ws/build/collaborative_detection/build/lib/collaborative_detection/nodes
copying collaborative_detection/nodes/__init__.py -> /Users/toni/tfm_meaconing_ws/build/collaborative_detection/build/lib/collaborative_detection/nodes
copying collaborative_detection/nodes/meaconing_injector.py -> /Users/toni/tfm_meaconing_ws/build/collaborative_detection/build/lib/collaborative_detection/nodes
copying collaborative_detection/nodes/robot_mover_node.py -> /Users/toni/tfm_meaconing_ws/build/collaborative_detection/build/lib/collaborative_detection/nodes
running install
running install_lib
creating /Users/toni/tfm_meaconing_ws/install/collaborative_detection/lib/python3.12/site-packages/collaborative_detection
creating /Users/toni/tfm_meaconing_ws/install/collaborative_detection/lib/python3.12/site-packages/collaborative_detection/nodes
copying /Users/toni/tfm_meaconing_ws/build/collaborative_detection/build/lib/collaborative_detection/nodes/cusum_detector_node.py -> /Users/toni/tfm_meaconing_ws/install/collaborative_detection/lib/python3.12/site-packages/collaborative_detection/nodes
copying /Users/toni/tfm_meaconing_ws/build/collaborative_detection/build/lib/collaborative_detection/nodes/uwb_sim_node.py -> /Users/toni/tfm_meaconing_ws/install/collaborative_detection/lib/python3.12/site-packages/collaborative_detection/nodes
copying /Users/toni/tfm_meaconing_ws/build/collaborative_detection/build/lib/collaborative_detection/nodes/gnss_sim_node.py -> /Users/toni/tfm_meaconing_ws/install/collaborative_detection/lib/python3.12/site-packages/collaborative_detection/nodes
copying /Users/toni/tfm_meaconing_ws/build/collaborative_detection/build/lib/collaborative_detection/nodes/__init__.py -> /Users/toni/tfm_meaconing_ws/install/collaborative_detection/lib/python3.12/site-packages/collaborative_detection/nodes
copying /Users/toni/tfm_meaconing_ws/build/collaborative_detection/build/lib/collaborative_detection/nodes/meaconing_injector.py -> /Users/toni/tfm_meaconing_ws/install/collaborative_detection/lib/python3.12/site-packages/collaborative_detection/nodes
copying /Users/toni/tfm_meaconing_ws/build/collaborative_detection/build/lib/collaborative_detection/nodes/robot_mover_node.py -> /Users/toni/tfm_meaconing_ws/install/collaborative_detection/lib/python3.12/site-packages/collaborative_detection/nodes
copying /Users/toni/tfm_meaconing_ws/build/collaborative_detection/build/lib/collaborative_detection/__init__.py -> /Users/toni/tfm_meaconing_ws/install/collaborative_detection/lib/python3.12/site-packages/collaborative_detection
byte-compiling /Users/toni/tfm_meaconing_ws/install/collaborative_detection/lib/python3.12/site-packages/collaborative_detection/nodes/cusum_detector_node.py to cusum_detector_node.cpython-312.pyc
byte-compiling /Users/toni/tfm_meaconing_ws/install/collaborative_detection/lib/python3.12/site-packages/collaborative_detection/nodes/uwb_sim_node.py to uwb_sim_node.cpython-312.pyc
byte-compiling /Users/toni/tfm_meaconing_ws/install/collaborative_detection/lib/python3.12/site-packages/collaborative_detection/nodes/gnss_sim_node.py to gnss_sim_node.cpython-312.pyc
byte-compiling /Users/toni/tfm_meaconing_ws/install/collaborative_detection/lib/python3.12/site-packages/collaborative_detection/nodes/__init__.py to __init__.cpython-312.pyc
byte-compiling /Users/toni/tfm_meaconing_ws/install/collaborative_detection/lib/python3.12/site-packages/collaborative_detection/nodes/meaconing_injector.py to meaconing_injector.cpython-312.pyc
byte-compiling /Users/toni/tfm_meaconing_ws/install/collaborative_detection/lib/python3.12/site-packages/collaborative_detection/nodes/robot_mover_node.py to robot_mover_node.cpython-312.pyc
byte-compiling /Users/toni/tfm_meaconing_ws/install/collaborative_detection/lib/python3.12/site-packages/collaborative_detection/__init__.py to __init__.cpython-312.pyc
running install_data
creating /Users/toni/tfm_meaconing_ws/install/collaborative_detection/share/ament_index/resource_index/packages
