[0.414s] Invoking command in '/Users/toni/tfm_meaconing_ws/src/collaborative_detection': CONDA_PROMPT_MODIFIER=(base) PIXI_PROMPT=(robostack:jazzy) PYTHONPATH=/Users/toni/tfm_meaconing_ws/build/collaborative_detection/prefix_override:/Users/toni/robostack/.pixi/envs/jazzy/lib/python3.12/site-packages/colcon_core/task/python/colcon_distutils_commands:/Users/toni/tfm_meaconing_ws/install/collaborative_detection/lib/python3.12/site-packages:${PYTHONPATH} SHLVL=3 _=/usr/bin/env /Users/toni/robostack/.pixi/envs/jazzy/bin/python3.12 -W ignore:setup.py install is deprecated -W ignore:easy_install command is deprecated setup.py egg_info --egg-base ../../build/collaborative_detection build --build-base /Users/toni/tfm_meaconing_ws/build/collaborative_detection/build install --record /Users/toni/tfm_meaconing_ws/build/collaborative_detection/install.log --install-scripts $base/lib/collaborative_detection --single-version-externally-managed install_data
[0.543s] running egg_info
[0.556s] creating ../../build/collaborative_detection/collaborative_detection.egg-info
[0.556s] writing ../../build/collaborative_detection/collaborative_detection.egg-info/PKG-INFO
[0.556s] writing dependency_links to ../../build/collaborative_detection/collaborative_detection.egg-info/dependency_links.txt
[0.556s] writing entry points to ../../build/collaborative_detection/collaborative_detection.egg-info/entry_points.txt
[0.557s] writing requirements to ../../build/collaborative_detection/collaborative_detection.egg-info/requires.txt
[0.557s] writing top-level names to ../../build/collaborative_detection/collaborative_detection.egg-info/top_level.txt
[0.557s] writing manifest file '../../build/collaborative_detection/collaborative_detection.egg-info/SOURCES.txt'
[0.577s] reading manifest file '../../build/collaborative_detection/collaborative_detection.egg-info/SOURCES.txt'
[0.578s] writing manifest file '../../build/collaborative_detection/collaborative_detection.egg-info/SOURCES.txt'
[0.578s] running build
[0.578s] running build_py
[0.578s] creating /Users/toni/tfm_meaconing_ws/build/collaborative_detection/build/lib/collaborative_detection
[0.579s] copying collaborative_detection/__init__.py -> /Users/toni/tfm_meaconing_ws/build/collaborative_detection/build/lib/collaborative_detection
[0.579s] creating /Users/toni/tfm_meaconing_ws/build/collaborative_detection/build/lib/collaborative_detection/nodes
[0.579s] copying collaborative_detection/nodes/cusum_detector_node.py -> /Users/toni/tfm_meaconing_ws/build/collaborative_detection/build/lib/collaborative_detection/nodes
[0.579s] copying collaborative_detection/nodes/uwb_sim_node.py -> /Users/toni/tfm_meaconing_ws/build/collaborative_detection/build/lib/collaborative_detection/nodes
[0.579s] copying collaborative_detection/nodes/gnss_sim_node.py -> /Users/toni/tfm_meaconing_ws/build/collaborative_detection/build/lib/collaborative_detection/nodes
[0.579s] copying collaborative_detection/nodes/__init__.py -> /Users/toni/tfm_meaconing_ws/build/collaborative_detection/build/lib/collaborative_detection/nodes
[0.580s] copying collaborative_detection/nodes/meaconing_injector.py -> /Users/toni/tfm_meaconing_ws/build/collaborative_detection/build/lib/collaborative_detection/nodes
[0.580s] copying collaborative_detection/nodes/robot_mover_node.py -> /Users/toni/tfm_meaconing_ws/build/collaborative_detection/build/lib/collaborative_detection/nodes
[0.580s] running install
[0.582s] running install_lib
[0.600s] creating /Users/toni/tfm_meaconing_ws/install/collaborative_detection/lib/python3.12/site-packages/collaborative_detection
[0.600s] creating /Users/toni/tfm_meaconing_ws/install/collaborative_detection/lib/python3.12/site-packages/collaborative_detection/nodes
[0.600s] copying /Users/toni/tfm_meaconing_ws/build/collaborative_detection/build/lib/collaborative_detection/nodes/cusum_detector_node.py -> /Users/toni/tfm_meaconing_ws/install/collaborative_detection/lib/python3.12/site-packages/collaborative_detection/nodes
[0.600s] copying /Users/toni/tfm_meaconing_ws/build/collaborative_detection/build/lib/collaborative_detection/nodes/uwb_sim_node.py -> /Users/toni/tfm_meaconing_ws/install/collaborative_detection/lib/python3.12/site-packages/collaborative_detection/nodes
[0.600s] copying /Users/toni/tfm_meaconing_ws/build/collaborative_detection/build/lib/collaborative_detection/nodes/gnss_sim_node.py -> /Users/toni/tfm_meaconing_ws/install/collaborative_detection/lib/python3.12/site-packages/collaborative_detection/nodes
[0.600s] copying /Users/toni/tfm_meaconing_ws/build/collaborative_detection/build/lib/collaborative_detection/nodes/__init__.py -> /Users/toni/tfm_meaconing_ws/install/collaborative_detection/lib/python3.12/site-packages/collaborative_detection/nodes
[0.600s] copying /Users/toni/tfm_meaconing_ws/build/collaborative_detection/build/lib/collaborative_detection/nodes/meaconing_injector.py -> /Users/toni/tfm_meaconing_ws/install/collaborative_detection/lib/python3.12/site-packages/collaborative_detection/nodes
[0.600s] copying /Users/toni/tfm_meaconing_ws/build/collaborative_detection/build/lib/collaborative_detection/nodes/robot_mover_node.py -> /Users/toni/tfm_meaconing_ws/install/collaborative_detection/lib/python3.12/site-packages/collaborative_detection/nodes
[0.600s] copying /Users/toni/tfm_meaconing_ws/build/collaborative_detection/build/lib/collaborative_detection/__init__.py -> /Users/toni/tfm_meaconing_ws/install/collaborative_detection/lib/python3.12/site-packages/collaborative_detection
[0.601s] byte-compiling /Users/toni/tfm_meaconing_ws/install/collaborative_detection/lib/python3.12/site-packages/collaborative_detection/nodes/cusum_detector_node.py to cusum_detector_node.cpython-312.pyc
[0.601s] byte-compiling /Users/toni/tfm_meaconing_ws/install/collaborative_detection/lib/python3.12/site-packages/collaborative_detection/nodes/uwb_sim_node.py to uwb_sim_node.cpython-312.pyc
[0.601s] byte-compiling /Users/toni/tfm_meaconing_ws/install/collaborative_detection/lib/python3.12/site-packages/collaborative_detection/nodes/gnss_sim_node.py to gnss_sim_node.cpython-312.pyc
[0.601s] byte-compiling /Users/toni/tfm_meaconing_ws/install/collaborative_detection/lib/python3.12/site-packages/collaborative_detection/nodes/__init__.py to __init__.cpython-312.pyc
[0.601s] byte-compiling /Users/toni/tfm_meaconing_ws/install/collaborative_detection/lib/python3.12/site-packages/collaborative_detection/nodes/meaconing_injector.py to meaconing_injector.cpython-312.pyc
[0.601s] byte-compiling /Users/toni/tfm_meaconing_ws/install/collaborative_detection/lib/python3.12/site-packages/collaborative_detection/nodes/robot_mover_node.py to robot_mover_node.cpython-312.pyc
[0.601s] byte-compiling /Users/toni/tfm_meaconing_ws/install/collaborative_detection/lib/python3.12/site-packages/collaborative_detection/__init__.py to __init__.cpython-312.pyc
[0.601s] running install_data
[0.601s] creating /Users/toni/tfm_meaconing_ws/install/collaborative_detection/share/ament_index/resource_index/packages
[0.601s] error: can't copy 'resource/collaborative_detection': doesn't exist or not a regular file
[0.622s] Invoked command in '/Users/toni/tfm_meaconing_ws/src/collaborative_detection' returned '1': CONDA_PROMPT_MODIFIER=(base) PIXI_PROMPT=(robostack:jazzy) PYTHONPATH=/Users/toni/tfm_meaconing_ws/build/collaborative_detection/prefix_override:/Users/toni/robostack/.pixi/envs/jazzy/lib/python3.12/site-packages/colcon_core/task/python/colcon_distutils_commands:/Users/toni/tfm_meaconing_ws/install/collaborative_detection/lib/python3.12/site-packages:${PYTHONPATH} SHLVL=3 _=/usr/bin/env /Users/toni/robostack/.pixi/envs/jazzy/bin/python3.12 -W ignore:setup.py install is deprecated -W ignore:easy_install command is deprecated setup.py egg_info --egg-base ../../build/collaborative_detection build --build-base /Users/toni/tfm_meaconing_ws/build/collaborative_detection/build install --record /Users/toni/tfm_meaconing_ws/build/collaborative_detection/install.log --install-scripts $base/lib/collaborative_detection --single-version-externally-managed install_data
